******************************************************************************
                  TI ARM Linker Unix v20.2.7                   
******************************************************************************
>> Linked Mon Feb  5 15:32:47 2024

OUTPUT FILE NAME:   <Lab12_Motors.out>
ENTRY POINT SYMBOL: "_c_int00_noargs"  address: 00000c19


MEMORY CONFIGURATION

         name            origin    length      used     unused   attr    fill
----------------------  --------  ---------  --------  --------  ----  --------
  MAIN                  00000000   00040000  00000c96  0003f36a  R  X
  INFO                  00200000   00004000  00000000  00004000  R  X
  SRAM_CODE             01000000   00010000  0000021c  0000fde4  RW X
  SRAM_DATA             20000000   00010000  0000021c  0000fde4  RW  


SEGMENT ALLOCATION MAP

run origin  load origin   length   init length attrs members
----------  ----------- ---------- ----------- ----- -------
00000000    00000000    00000c98   00000c98    r-x
  00000000    00000000    000000e4   000000e4    r-- .intvecs
  000000e4    000000e4    00000b92   00000b92    r-x .text
  00000c78    00000c78    00000020   00000020    r-- .cinit
20000000    20000000    0000001c   00000000    rw-
  20000000    20000000    0000001c   00000000    rw- .data
2000fe00    2000fe00    00000200   00000000    rw-
  2000fe00    2000fe00    00000200   00000000    rw- .stack


SECTION ALLOCATION MAP

 output                                  attributes/
section   page    origin      length       input sections
--------  ----  ----------  ----------   ----------------
.intvecs   0    00000000    000000e4     
                  00000000    000000e4     startup_msp432p401r_ccs.obj (.intvecs:retain)

.text      0    000000e4    00000b92     
                  000000e4    0000032c     system_msp432p401r.obj (.text)
                  00000410    000002b4     MotorSimple.obj (.text)
                  000006c4    000001e0     Clock.obj (.text)
                  000008a4    000000f8     LaunchPad.obj (.text)
                  0000099c    000000c8     Lab12_Motorsmain.obj (.text)
                  00000a64    0000009c     rtsv7M4_T_le_v4SPD16_eabi.lib : memcpy_t2.asm.obj (.text)
                  00000b00    0000006c     SysTick.obj (.text)
                  00000b6c    00000068     rtsv7M4_T_le_v4SPD16_eabi.lib : copy_decompress_lzss.c.obj (.text:decompress:lzss:__TI_decompress_lzss)
                  00000bd4    00000044                                   : autoinit.c.obj (.text:__TI_auto_init_nobinit_nopinit:__TI_auto_init_nobinit_nopinit)
                  00000c18    00000034                                   : boot_cortex_m.c.obj (.text:_c_int00_noargs:_c_int00_noargs)
                  00000c4c    0000000e                                   : copy_decompress_none.c.obj (.text:decompress:none:__TI_decompress_none)
                  00000c5a    0000000e     startup_msp432p401r_ccs.obj (.text)
                  00000c68    00000006     Bump.obj (.text)
                  00000c6e    00000004     rtsv7M4_T_le_v4SPD16_eabi.lib : pre_init.c.obj (.text:_system_pre_init)
                  00000c72    00000004                                   : exit.c.obj (.text:abort:abort)

.cinit     0    00000c78    00000020     
                  00000c78    0000000d     (.cinit..data.load) [load image, compression = lzss]
                  00000c85    00000003     --HOLE-- [fill = 0]
                  00000c88    00000008     (__TI_handler_table)
                  00000c90    00000008     (__TI_cinit_table)

.init_array 
*          0    00000000    00000000     UNINITIALIZED

.binit     0    00000000    00000000     

.data      0    20000000    0000001c     UNINITIALIZED
                  20000000    00000018     Clock.obj (.data)
                  20000018    00000004     system_msp432p401r.obj (.data)

.stack     0    2000fe00    00000200     UNINITIALIZED
                  2000fe00    00000004     rtsv7M4_T_le_v4SPD16_eabi.lib : boot_cortex_m.c.obj (.stack)
                  2000fe04    000001fc     --HOLE--

__llvm_prf_cnts 
*          0    20000000    00000000     UNINITIALIZED

MODULE SUMMARY

       Module                        code   ro data   rw data
       ------                        ----   -------   -------
    ./
       system_msp432p401r.obj        812    0         8      
       MotorSimple.obj               692    0         0      
       Clock.obj                     480    0         48     
       LaunchPad.obj                 248    0         0      
       startup_msp432p401r_ccs.obj   14     228       0      
       Lab12_Motorsmain.obj          200    0         0      
       SysTick.obj                   108    0         0      
       Bump.obj                      6      0         0      
    +--+-----------------------------+------+---------+---------+
       Total:                        2560   228       56     
                                                             
    /Applications/ti/ccs1250/ccs/tools/compiler/ti-cgt-arm_20.2.7.LTS/lib/rtsv7M4_T_le_v4SPD16_eabi.lib
       memcpy_t2.asm.obj             156    0         0      
       copy_decompress_lzss.c.obj    104    0         0      
       autoinit.c.obj                68     0         0      
       boot_cortex_m.c.obj           52     0         0      
       copy_decompress_none.c.obj    14     0         0      
       exit.c.obj                    4      0         0      
       pre_init.c.obj                4      0         0      
    +--+-----------------------------+------+---------+---------+
       Total:                        402    0         0      
                                                             
       Stack:                        0      0         1024   
       Linker Generated:             0      29        0      
    +--+-----------------------------+------+---------+---------+
       Grand Total:                  2962   257       1080   


LINKER GENERATED COPY TABLES

__TI_cinit_table @ 00000c90 records: 1, size/record: 8, table size: 8
	.data: load addr=00000c78, load size=0000000d bytes, run addr=20000000, run size=0000001c bytes, compression=lzss


LINKER GENERATED HANDLER TABLE

__TI_handler_table @ 00000c88 records: 2, size/record: 4, table size: 8
	index: 0, handler: __TI_decompress_lzss
	index: 1, handler: __TI_decompress_none


GLOBAL SYMBOLS: SORTED ALPHABETICALLY BY Name 

address   name                          
-------   ----                          
00000c67  ADC14_IRQHandler              
00000c67  AES256_IRQHandler             
00000c69  Bump_Init                     
00000c6b  Bump_Read                     
00000c67  BusFault_Handler              
00000c73  C$$EXIT                       
00000c67  COMP_E0_IRQHandler            
00000c67  COMP_E1_IRQHandler            
20000008  CPMwait                       
00000c67  CS_IRQHandler                 
20000000  ClockFrequency                
00000819  Clock_Delay1ms                
000007ef  Clock_Delay1us                
000007db  Clock_GetFreq                 
000006c5  Clock_Init48MHz               
20000014  Crystalstable                 
00000c67  DMA_ERR_IRQHandler            
00000c67  DMA_INT0_IRQHandler           
00000c67  DMA_INT1_IRQHandler           
00000c67  DMA_INT2_IRQHandler           
00000c67  DMA_INT3_IRQHandler           
00000c67  DebugMon_Handler              
00000c67  Default_Handler               
00000c67  EUSCIA0_IRQHandler            
00000c67  EUSCIA1_IRQHandler            
00000c67  EUSCIA2_IRQHandler            
00000c67  EUSCIA3_IRQHandler            
00000c67  EUSCIB0_IRQHandler            
00000c67  EUSCIB1_IRQHandler            
00000c67  EUSCIB2_IRQHandler            
00000c67  EUSCIB3_IRQHandler            
00000c67  FLCTL_IRQHandler              
00000c67  FPU_IRQHandler                
00000c67  HardFault_Handler             
20000010  IFlags                        
000008a5  LaunchPad_Init                
00000915  LaunchPad_Input               
00000933  LaunchPad_LED                 
00000951  LaunchPad_Output              
00000c67  MemManage_Handler             
00000525  Motor_BackwardSimple          
000004b3  Motor_ForwardSimple           
00000423  Motor_InitSimple              
00000597  Motor_LeftSimple              
00000613  Motor_RightSimple             
00000493  Motor_StopSimple              
00000c67  NMI_Handler                   
00000c67  PCM_IRQHandler                
00000c67  PORT1_IRQHandler              
00000c67  PORT2_IRQHandler              
00000c67  PORT3_IRQHandler              
00000c67  PORT4_IRQHandler              
00000c67  PORT5_IRQHandler              
00000c67  PORT6_IRQHandler              
00000c67  PSS_IRQHandler                
0000099d  Pause                         
00000c67  PendSV_Handler                
2000000c  Postwait                      
20000004  Prewait                       
00000c67  RTC_C_IRQHandler              
00000c5b  Reset_Handler                 
00000c67  SVC_Handler                   
00000c67  SysTick_Handler               
00000b01  SysTick_Init                  
00000b11  SysTick_Wait                  
00000b37  SysTick_Wait10ms              
00000411  SysTick_Wait1us               
20000018  SystemCoreClock               
000000e5  SystemCoreClockUpdate         
00000359  SystemInit                    
00000c67  T32_INT1_IRQHandler           
00000c67  T32_INT2_IRQHandler           
00000c67  T32_INTC_IRQHandler           
00000c67  TA0_0_IRQHandler              
00000c67  TA0_N_IRQHandler              
00000c67  TA1_0_IRQHandler              
00000c67  TA1_N_IRQHandler              
00000c67  TA2_0_IRQHandler              
00000c67  TA2_N_IRQHandler              
00000c67  TA3_0_IRQHandler              
00000c67  TA3_N_IRQHandler              
00000c67  UsageFault_Handler            
4000480c  WDTCTL_SYM                    
00000c67  WDT_A_IRQHandler              
20010000  __STACK_END                   
00000200  __STACK_SIZE                  
00000c90  __TI_CINIT_Base               
00000c98  __TI_CINIT_Limit              
00000c88  __TI_Handler_Table_Base       
00000c90  __TI_Handler_Table_Limit      
00000bd5  __TI_auto_init_nobinit_nopinit
00000b6d  __TI_decompress_lzss          
00000c4d  __TI_decompress_none          
ffffffff  __TI_pprof_out_hndl           
ffffffff  __TI_prof_data_size           
ffffffff  __TI_prof_data_start          
00000000  __TI_static_base__            
00000a65  __aeabi_memcpy                
00000a65  __aeabi_memcpy4               
00000a65  __aeabi_memcpy8               
ffffffff  __binit__                     
ffffffff  __c_args__                    
UNDEFED   __mpu_init                    
2000fe00  __stack                       
20000000  __start___llvm_prf_cnts       
20000000  __stop___llvm_prf_cnts        
00000c19  _c_int00_noargs               
UNDEFED   _system_post_cinit            
00000c6f  _system_pre_init              
00000c73  abort                         
ffffffff  binit                         
000007e1  delay                         
000009b1  doALittleDance                
00000000  interruptVectors              
00000a47  main                          
00000a65  memcpy                        


GLOBAL SYMBOLS: SORTED BY Symbol Address 

address   name                          
-------   ----                          
00000000  __TI_static_base__            
00000000  interruptVectors              
000000e5  SystemCoreClockUpdate         
00000200  __STACK_SIZE                  
00000359  SystemInit                    
00000411  SysTick_Wait1us               
00000423  Motor_InitSimple              
00000493  Motor_StopSimple              
000004b3  Motor_ForwardSimple           
00000525  Motor_BackwardSimple          
00000597  Motor_LeftSimple              
00000613  Motor_RightSimple             
000006c5  Clock_Init48MHz               
000007db  Clock_GetFreq                 
000007e1  delay                         
000007ef  Clock_Delay1us                
00000819  Clock_Delay1ms                
000008a5  LaunchPad_Init                
00000915  LaunchPad_Input               
00000933  LaunchPad_LED                 
00000951  LaunchPad_Output              
0000099d  Pause                         
000009b1  doALittleDance                
00000a47  main                          
00000a65  __aeabi_memcpy                
00000a65  __aeabi_memcpy4               
00000a65  __aeabi_memcpy8               
00000a65  memcpy                        
00000b01  SysTick_Init                  
00000b11  SysTick_Wait                  
00000b37  SysTick_Wait10ms              
00000b6d  __TI_decompress_lzss          
00000bd5  __TI_auto_init_nobinit_nopinit
00000c19  _c_int00_noargs               
00000c4d  __TI_decompress_none          
00000c5b  Reset_Handler                 
00000c67  ADC14_IRQHandler              
00000c67  AES256_IRQHandler             
00000c67  BusFault_Handler              
00000c67  COMP_E0_IRQHandler            
00000c67  COMP_E1_IRQHandler            
00000c67  CS_IRQHandler                 
00000c67  DMA_ERR_IRQHandler            
00000c67  DMA_INT0_IRQHandler           
00000c67  DMA_INT1_IRQHandler           
00000c67  DMA_INT2_IRQHandler           
00000c67  DMA_INT3_IRQHandler           
00000c67  DebugMon_Handler              
00000c67  Default_Handler               
00000c67  EUSCIA0_IRQHandler            
00000c67  EUSCIA1_IRQHandler            
00000c67  EUSCIA2_IRQHandler            
00000c67  EUSCIA3_IRQHandler            
00000c67  EUSCIB0_IRQHandler            
00000c67  EUSCIB1_IRQHandler            
00000c67  EUSCIB2_IRQHandler            
00000c67  EUSCIB3_IRQHandler            
00000c67  FLCTL_IRQHandler              
00000c67  FPU_IRQHandler                
00000c67  HardFault_Handler             
00000c67  MemManage_Handler             
00000c67  NMI_Handler                   
00000c67  PCM_IRQHandler                
00000c67  PORT1_IRQHandler              
00000c67  PORT2_IRQHandler              
00000c67  PORT3_IRQHandler              
00000c67  PORT4_IRQHandler              
00000c67  PORT5_IRQHandler              
00000c67  PORT6_IRQHandler              
00000c67  PSS_IRQHandler                
00000c67  PendSV_Handler                
00000c67  RTC_C_IRQHandler              
00000c67  SVC_Handler                   
00000c67  SysTick_Handler               
00000c67  T32_INT1_IRQHandler           
00000c67  T32_INT2_IRQHandler           
00000c67  T32_INTC_IRQHandler           
00000c67  TA0_0_IRQHandler              
00000c67  TA0_N_IRQHandler              
00000c67  TA1_0_IRQHandler              
00000c67  TA1_N_IRQHandler              
00000c67  TA2_0_IRQHandler              
00000c67  TA2_N_IRQHandler              
00000c67  TA3_0_IRQHandler              
00000c67  TA3_N_IRQHandler              
00000c67  UsageFault_Handler            
00000c67  WDT_A_IRQHandler              
00000c69  Bump_Init                     
00000c6b  Bump_Read                     
00000c6f  _system_pre_init              
00000c73  C$$EXIT                       
00000c73  abort                         
00000c88  __TI_Handler_Table_Base       
00000c90  __TI_CINIT_Base               
00000c90  __TI_Handler_Table_Limit      
00000c98  __TI_CINIT_Limit              
20000000  ClockFrequency                
20000000  __start___llvm_prf_cnts       
20000000  __stop___llvm_prf_cnts        
20000004  Prewait                       
20000008  CPMwait                       
2000000c  Postwait                      
20000010  IFlags                        
20000014  Crystalstable                 
20000018  SystemCoreClock               
2000fe00  __stack                       
20010000  __STACK_END                   
4000480c  WDTCTL_SYM                    
ffffffff  __TI_pprof_out_hndl           
ffffffff  __TI_prof_data_size           
ffffffff  __TI_prof_data_start          
ffffffff  __binit__                     
ffffffff  __c_args__                    
ffffffff  binit                         
UNDEFED   __mpu_init                    
UNDEFED   _system_post_cinit            

[116 symbols]
